  sdash │ 1 Overview !  2 Jobs  3 Queue  4 Nodes  5 Usage  6 Storage             pine · you · demo  
──────────────────────────────────────────────────────────━━━━━━━━━━━───────────────────────────────
                                                                                                    
  2 locations · checked 14:01                                                                       
    LOCATION  SCOPE   SPACE USED          FILES      CHECK / TREND         PATH                     
  ────────────────────────────────────────────────────────────────────────────────────────────────  
  ▶ Home      Yours   ███████░ 18G/20G    150k/500k  ▁▁▁▃▄▄▄▆▇█ full ~97d  /home/you                
    Scratch   Yours   █░░░░░░░ 800G/5T    400k/2M    ▁▂▂▃▄▅▅▆▇█            /scratch/you             
    Home      Shared  Unavailable  stale             collecting            /home/you                
    Scratch   Shared  Unavailable  stale             collecting            /scratch/you             
                                                                                                    
                                                                                                    
                                                                                                    
                                                                                                    
                                                                                                    
                                                                                                    
                                                                                                    
                                                                                                    
                                                                                                    
                                                                                                    
                                                                                                    
                                                                                                    
                                                                                                    
                                                                                                    
                                                                                                    
                                                                                                    
                                                                                                    
                                                                                                    
────────────────────────────────────────────────────────────────────────────────────────────────────
  enter details · R refresh storage · a analyse yours · , settings · ? help         updated 0s ago  