  sdash │ 1 Overview !  2 Jobs  3 Queue  4 Nodes  5 Usage  6 Storage             pine · you · demo  
──────────────────────────────────────────────────────────━━━━━━━━━━━───────────────────────────────
                                                                                                    
  2 locations · checked 14:01                                                                       
    LOCATION  SPACE             FILES      30 DAYS               PATH                               
  ────────────────────────────────────────────────────────────────────────────────────────────────  
  ▶ Home      ███████░ 18G/20G  150k/500k  ▁▁▁▃▄▄▄▆▇█ full ~97d  /home/you                          
    Scratch   █░░░░░░░ 800G/5T  400k/2M    ▁▂▂▃▄▅▅▆▇█            /scratch/you                       
                                                                                                    
                                                                                                    
                                                                                                    
                                                                                                    
                                                                                                    
                                                                                                    
                                                                                                    
                                                                                                    
                                                                                                    
                                                                                                    
                                                                                                    
                                                                                                    
                                                                                                    
                                                                                                    
                                                                                                    
                                                                                                    
                                                                                                    
                                                                                                    
                                                                                                    
                                                                                                    
────────────────────────────────────────────────────────────────────────────────────────────────────
  enter raw output · R refresh storage · a analyse · , settings · ? help            updated 0s ago  