  sdash │ 1 Overview !  2 Jobs  3 Queue  4 Nodes  5 Usage  6 Storage                                                                       tundra · you · demo  
──────────────────────────────────────────────────────────━━━━━━━━━━━───────────────────────────────────────────────────────────────────────────────────────────
                                                                                                                                                                
  3 locations · checked 14:00                                                                                                                                   
    LOCATION  SPACE                         FILES     30 DAYS               PATH                                      FS      BACKEND  NOTE                     
  ────────────────────────────────────────────────────────────────────────────────────────────────────────────────────────────────────────────────────────────  
  ▶ Home      █████░░░ 31G/50G (hard 55G)   212k/1M   ▁▁▂▃▄▅▅▆▇█ full ~6mo  /home/you                                 nfs     quota                             
    Scratch   ███████░ 9.2T/10T (hard 11T)  3.1M/5M   ▁▂▂▃▄▅▅▆▇█ full ~19d  /scratch/you                              lustre  lustre   purged after 60 days     
    Project   ██░░░░░░ 1.2T/5T              900k/10M  ▁▁▂▃▄▅▅▆▇█            /project/ml-lab                           gpfs    gpfs                              
                                                                                                                                                                
                                                                                                                                                                
                                                                                                                                                                
                                                                                                                                                                
                                                                                                                                                                
                                                                                                                                                                
                                                                                                                                                                
                                                                                                                                                                
                                                                                                                                                                
                                                                                                                                                                
                                                                                                                                                                
                                                                                                                                                                
                                                                                                                                                                
                                                                                                                                                                
                                                                                                                                                                
                                                                                                                                                                
                                                                                                                                                                
                                                                                                                                                                
                                                                                                                                                                
                                                                                                                                                                
                                                                                                                                                                
                                                                                                                                                                
                                                                                                                                                                
                                                                                                                                                                
                                                                                                                                                                
                                                                                                                                                                
                                                                                                                                                                
                                                                                                                                                                
                                                                                                                                                                
                                                                                                                                                                
                                                                                                                                                                
                                                                                                                                                                
                                                                                                                                                                
                                                                                                                                                                
────────────────────────────────────────────────────────────────────────────────────────────────────────────────────────────────────────────────────────────────
  enter raw output · R refresh storage · a analyse · , settings · ? help                                                                        updated 0s ago  