  sdash │ 1 Overview !  2 Jobs  3 Queue  4 Nodes  5 Usage  6 Storage           tundra · you · demo  
─────────━━━━━━━━━━━━━━─────────────────────────────────────────────────────────────────────────────
                                                                                                    
  Needs attention                                                                         6 in all  
  ────────────────────────────────────────────────────────────────────────────────────────────────  
    ✗ 809 preproc: OUT_OF_MEMORY (peak 31.8G of 32G)                                      [open]    
    ✗ 799 train-lora: TIMEOUT                                                             [open]    
    ! Scratch is at 91% of its space quota                                                [open]    
    ! 813 eval-bench has 8m left: checkpoint or save now                                  [open]    
                                                                                                    
  Cluster                                                                             free / total  
  ────────────────────────────────────────────────────────────────────────────────────────────────  
    gpu   ██░░░ 68/128 CPUs   GPUs 0/8 H100  5 waiting                                              
    cpu*  ████░ 144/512 CPUs                            cpu04: bad DIMM                             
                                                                                                    
  Your jobs                                             ● 3 running  ◌ 2 pending  ✗ 2 failed today  
    next to end: 813 eval-bench in 8m · waiting: Resources 1, JobHeldUser 1                         
    ID         NAME        STATE   TIME       RESOURCES     WHERE                                   
  ────────────────────────────────────────────────────────────────────────────────────────────────  
  ▶ 812        train-lora  ● RUN   5h46m/1d   1 GPU 8 CPU   gpu01                                   
    813        eval-bench  ● RUN   1h52m/2h   1 GPU 4 CPU   gpu01                                   
    816        preproc     ● RUN   30s/1h     16 CPU        cpu01                                   
    815_[3-9]  sweep       ◌ PD    -/4h       1 GPU 8 CPU   #2/5 Resources                          
  Storage · fairshare                                                                               
  ────────────────────────────────────────────────────────────────────────────────────────────────  
    Home       ████████████░░░░░░░░  31G/50G                                                        
    Scratch    ██████████████████░░  9.2T/10T                                                       
    Project    █████░░░░░░░░░░░░░░░  1.2T/5T                                                        
────────────────────────────────────────────────────────────────────────────────────────────────────
  enter open · tab next section · , settings · ? help                               updated 0s ago  