  sdash │ 1 Overview !  2 Jobs  3 Queue  4 Nodes  5 Usage  6 Storage           tundra · you · demo  
──────────────────────────────────────────────────────────━━━━━━━━━━━───────────────────────────────
                                                                                                    
  3 locations · checked 14:00                                                                       
    LOCATION  SPACE                         FILES     30 DAYS               PATH            FS      
  ────────────────────────────────────────────────────────────────────────────────────────────────  
  ▶ Home      █████░░░ 31G/50G (hard 55G)   212k/1M   ▁▁▂▃▄▅▅▆▇█ full ~6mo  /home/you       nfs     
    Scratch   ███████░ 9.2T/10T (hard 11T)  3.1M/5M   ▁▂▂▃▄▅▅▆▇█ full ~19d  /scratch/you    lustre  
    Project   ██░░░░░░ 1.2T/5T              900k/10M  ▁▁▂▃▄▅▅▆▇█            /project/ml-l…  gpfs    
                                                                                                    
                                                                                                    
                                                                                                    
                                                                                                    
                                                                                                    
                                                                                                    
                                                                                                    
                                                                                                    
                                                                                                    
                                                                                                    
                                                                                                    
                                                                                                    
                                                                                                    
                                                                                                    
                                                                                                    
                                                                                                    
                                                                                                    
                                                                                                    
                                                                                                    
────────────────────────────────────────────────────────────────────────────────────────────────────
  enter raw output · R refresh storage · a analyse · , settings · ? help            updated 0s ago  