  sdash │ 1 Overview !  2 Jobs  3 Queue  4 Nodes  5 Usage  6 Storage                                                                       tundra · you · demo  
────────────────────────────────────────━━━━━━━━━───────────────────────────────────────────────────────────────────────────────────────────────────────────────
                                                                                                                                                                
  6 nodes · 212/640 CPUs free · 0/8 GPUs free                                                   ╭─ gpu01 [esc] ──────────────────────────────────────────────╮  
  ! reservation maint · starts in 2d03h · all nodes · 6h                                        │ State      ALLOCATED                                       │  
    NODE ▲      STATE    CPU FREE   MEM FREE  GPU FREE  GPU TYPE  JOBS                          │ Partitions gpu                                             │  
  ───────────────────────────────────────────────────────────────────────────────────────────── │ GPUs       ■■■■  4 of 4 in use                             │  
    ▾ gpu (2)   up         68/128    592G/1T       0/8  H100      5 pending · limit 2d          │            4/4  H100                                       │  
  ▶   gpu01     alloc       36/64  336G/512G       0/4  H100      you 2 · alice 1               │ CPUs       28 of 64 allocated, load 23.2                   │  
      gpu02     alloc       32/64  256G/512G       0/4  H100      bob 1                         │ Memory     176G of 512G allocated · OS reports 389G free   │  
                                                                                                │ Est. free  in 8m                                           │  
    ▾ cpu* (4)  up        144/512    356G/1T                      limit 7d                      │ Features   h100, ib                                        │  
      cpu01     mixed      16/128   44G/256G                      you 1 · carol 1               │ Booted     Sep 18 14:00 (10d ago)                          │  
      cpu02     mixed      64/128  156G/256G                      carol 1                       │                                                            │  
      cpu03     mixed      64/128  156G/256G                      carol 1                       │ Running jobs                                               │  
      cpu04     drained     0/128     0/256G                      "bad DIMM"                    │ 813        you       4 CPU 1 GPU   estimated end today     │  
                                                                                                │ 14:08 (in 8m)                                              │  
                                                                                                │ 812        you       8 CPU 1 GPU   estimated end tomorrow  │  
                                                                                                │ 08:14 (in 18h14m)                                          │  
                                                                                                │ 790        alice     16 CPU 2 GPU  estimated end tomorrow  │  
                                                                                                │ 18:00 (in 1d04h)                                           │  
                                                                                                │                                                            │  
                                                                                                │                                                            │  
                                                                                                │                                                            │  
                                                                                                │                                                            │  
                                                                                                │                                                            │  
                                                                                                │                                                            │  
                                                                                                │                                                            │  
                                                                                                │                                                            │  
                                                                                                │                                                            │  
                                                                                                │                                                            │  
                                                                                                │                                                            │  
                                                                                                ╰────────────────────────────────────────────────────────────╯  
────────────────────────────────────────────────────────────────────────────────────────────────────────────────────────────────────────────────────────────────
  esc close · G all/gpu/cpu · s sort · , settings · ? help                                                                                      updated 0s ago  