  sdash │ 1 Overview !  2 Jobs  3 Queue  4 Nodes  5 Usage  6 Storage                                                    birch · you · demo  
────────────────────────────────────────━━━━━━━━━───────────────────────────────────────────────────────────────────────────────────────────
                                                                                                                                            
  12 nodes · 328/592 CPUs free · 1/10 GPUs free                                                                                             
  ! reservation gpu-maint · starts in 3d01h · 2 nodes · 8h                                                                                  
    NODE ▲       STATE    CPU FREE   MEM FREE  GPU FREE  GPU TYPE         JOBS                                                              
  ────────────────────────────────────────────────────────────────────────────────────────────────────────────────────────────────────────  
  ▶ ▾ cpu* (6)   up        128/256       -/2T                             1 pending · limit 7d                                              
      cpu01      alloc        0/64     -/512G                             carol 1                                                           
      cpu02      mixed       32/64     -/512G                             you 1                                                             
      cpu03      idle        64/64  512G/512G                                                                                               
      cpu04      drained     64/64  512G/512G                             "fan failure"                                                     
      cpu05      idle        32/32  256G/256G                                                                                               
      cpu06      alloc        0/32     -/256G                             carol 1                                                           
                                                                                                                                            
    ▾ gpu (2)    up         88/192       -/3T       0/8  H200 NVL         3 pending · limit 2d                                              
      h200-01    alloc       56/96     -/1.5T       0/4  H200 NVL         you 2 · bob 1                                                     
      h200-02    alloc       32/96     -/1.5T       0/4  H200 NVL         alice 1                                                           
                                                                                                                                            
    ▾ ws (2)     up          48/64     -/512G       1/2  RTX PRO 6000 BW  1 pending · limit 1d                                              
      ws01       idle        32/32  256G/256G       1/1  RTX PRO 6000 BW                                                                    
      ws02       alloc       16/32     -/256G       0/1  RTX PRO 6000 BW  erin 1                                                            
                                                                                                                                            
    ▾ mig (1)    up          48/64     -/512G      7/11  MIG              limit 12h                                                         
      mig01      mixed       48/64     -/512G      7/11  MIG              you 1 · dave 2                                                    
                                                                                                                                            
    ▸ debug (2)  up          32/96     -/768G       1/1  RTX PRO 6000 BW  limit 1h                                                          
    ▾ login (1)  up          16/16    64G/64G                             limit 1h                                                          
      login01    idle        16/16    64G/64G                                                                                               
                                                                                                                                            
                                                                                                                                            
                                                                                                                                            
                                                                                                                                            
                                                                                                                                            
                                                                                                                                            
                                                                                                                                            
                                                                                                                                            
                                                                                                                                            
────────────────────────────────────────────────────────────────────────────────────────────────────────────────────────────────────────────
  enter details · / filter · G all/gpu/cpu · , settings · ? help                                                            updated 0s ago  