 sdash │ ‹ 4/6 Nodes ›                  tundra · you · demo 
───────────━━━━━━━━━────────────────────────────────────────
 6 nodes · 212/640 CPUs free · 0/8 GPUs free                
 ! reservation maint · starts in 2d03h · all nodes · 6h     
   NODE ▲      STATE    CPU FREE  GPU FREE  JOBS            
 ────────────────────────────────────────────────────────── 
 ▶ ▾ gpu (2)   up         68/128       0/8  5 pending · li… 
     gpu01     alloc       36/64       0/4  you 2 · alice 1 
     gpu02     alloc       32/64       0/4  bob 1           
                                                            
   ▾ cpu* (4)  up        144/512            limit 7d        
     cpu01     mixed      16/128            you 1 · carol 1 
     cpu02     mixed      64/128            carol 1         
     cpu03     mixed      64/128            carol 1         
     cpu04     drained     0/128            "bad DIMM"      
                                                            
                                                            
                                                            
────────────────────────────────────────────────────────────
 enter details · , settings · ? help         updated 0s ago 