 sdash | < 1/6 Overview ! >             tundra | you | demo 
-----------==============-----------------------------------
 Needs attention                                   6 in all 
 ---------------------------------------------------------- 
   x 809 preproc: OUT_OF_MEMORY (peak 31.8G of 32~ [open]   
   x 799 train-lora: TIMEOUT                       [open]   
   ! Scratch is at 91% of its space quota          [open]   
 Cluster                                             0s ago 
 ---------------------------------------------------------- 
   Partition      Used        Free Total                    
   gpu        GPU [########]     0     8  5 waiting, H100   
 Your jobs  0s ago  R 3 running  P 2 pending  F 2 failed t~ 
   ID         NAME        STATE   ELAPSED/LIMIT   1-1 of 5  
 ---------------------------------------------------------- 
 > 812        train-lora  R RUN   5h46m/1d                  
 Storage                                             0s ago 
 ---------------------------------------------------------- 
   Home       ###.. 31G/50G quota                           
------------------------------------------------------------
 enter open | tab next section | , settings | ? help        