 sdash │ ‹ 3/6 Queue ›                  tundra · you · demo 
───────────━━━━━━━━━────────────────────────────────────────
 18 jobs · 7 running · 11 pending · waiting on Resources 8… 
   ID           USER   NAME          STATE   ELAPSED/LIMIT  
 ────────────────────────────────────────────────────────── 
 ▶ ▾ running           7 jobs                               
     801        carol  md-sim        ● RUN   1d06h/3d       
     802        carol  md-sim        ● RUN   1d04h/3d       
     790        alice  llm-finetune  ● RUN   20h/2d         
     795        bob    diffusion     ● RUN   9h46m/12h      
     812        you    train-lora    ● RUN   5h46m/1d       
     813        you    eval-bench    ● RUN   1h52m/2h       
     816        you    preproc       ● RUN   30s/1h         
                                                            
   ▾ pending           4 jobs                               
     810        dave   rl-agent      ◌ PD    -/8h           
     805        dave   rl-agent      ◌ PD    -/8h           
     815_[3-9]  you    sweep         ◌ PD    -/4h           
────────────────────────────────────────────────────────────
 enter details · , settings · ? help         updated 0s ago 