  sdash │ 1 Overview !  2 Jobs  3 Queue  4 Nodes  5 Usage  6 Storage                               tundra · you · demo  
───────────────────────━━━━━━━━─────────────────────────────────────────────────────────────────────────────────────────
                                                                                                                        
  11 jobs · 3 running · 8 pending                                                                                       
    ID         NAME        STATE   ELAPSED/LIMIT  RESOURCES     WHERE                                                   
  ────────────────────────────────────────────────────────────────────────────────────────────────────────────────────  
  ▶ 812        train-lora  ● RUN   5h46m/1d       1 GPU 8 CPU   gpu01                                                   
    813        eval-bench  ● RUN   1h52m/2h       1 GPU 4 CPU   gpu01                                                   
    816        preproc     ● RUN   30s/1h         16 CPU        cpu01                                                   
    815_[3-9]  sweep       ◌ PD    -/4h           1 GPU 8 CPU   #2/5 Resources                                          
    818        big-sweep   ‖ HELD  -/12h          4 GPU 32 CPU  JobHeldUser                                             
                                                                                                                        
                                                                                                                        
  ╭─ 812 train-lora [esc] ───────────────────────────────────────────────────────────────────────────────────────────╮  
  │ ● RUNNING on gpu01 · elapsed 5h46m, limit 1d                                                                     │  
  │                                                                                                                  │  
  │ Time ███████░░░░░░░░░░░░░░░░░░░░░░░ 24%  18h14m left                                                             │  
  │ Mem  22.7G of 32G  ███████████░░░░ 71%                                                                           │  
  │ CPU  5.1 of 8 cores avg (64%)                                                                                    │  
  │ GPU  1 GPU  press g to sample                                                                                    │  
  │ Out  /home/you/runs/lora/train-lora-812.out [l]                                                                  │  
  │ Err  /home/you/runs/lora/train-lora-812.err [e]                                                                  │  
  │ Dir  /home/you/runs/lora                                                                                         │  
  │                                                                                                                  │  
  │ [ Cancel ] [ Requeue ] [ Shell ] [ Script ]                                                                      │  
  │                                                                                                                  │  
  │ ▸ All fields (i)                                                                                                 │  
  │                                                                                                                  │  
  │                                                                                                                  │  
  │                                                                                                                  │  
  │                                                                                                                  │  
  │                                                                                                                  │  
  │                                                                                                                  │  
  ╰──────────────────────────────────────────────────────────────────────────────────────────────────────────────────╯  
────────────────────────────────────────────────────────────────────────────────────────────────────────────────────────
  enter details · c cancel · l logs · , settings · ? help                                               updated 0s ago  