  sdash │ 1 Overview !  2 Jobs  3 Queue  4 Nodes  5 Usage  6 Storage                               tundra · you · demo  
──────────────────────────────────────────────────────────━━━━━━━━━━━───────────────────────────────────────────────────
                                                                                                                        
  3 locations · checked 14:00                                                                                           
    LOCATION  SCOPE   SPACE USED          FILES     CHECK / TREND         PATH                                          
  ────────────────────────────────────────────────────────────────────────────────────────────────────────────────────  
    Home      Yours   █████░░░ 31G/50G    212k/1M   ▁▁▂▃▄▅▅▆▇█ full ~6mo  /home/you                                     
  ▶ Scratch   Yours   ███████░ 9.2T/10T   3.1M/5M   ▁▂▂▃▄▅▅▆▇█ full ~19d  /scratch/you                                  
    Project   Yours   ██░░░░░░ 1.2T/5T    900k/10M  ▁▁▂▃▄▅▅▆▇█            /project/ml-lab                               
    Home      Shared  Unavailable  stale            collecting            /home/you                                     
    Scratch   Shared  Unavailable  stale            collecting            /scratch/you                                  
    Project   Shared  Unavailable  stale            collecting            /project/ml-lab                               
                                                                                                                        
  ╭─ Scratch / Yours [esc] ──────────────────────────────────────────────────────────────────────────────────────────╮  
  │ Path     /scratch/you                                                                                            │  
  │ Scope    Your quota                                                                                              │  
  │ Backend  lustre  (lustre)                                                                                        │  
  │ Note     purged after 60 days                                                                                    │  
  │ Trend    ▁▁▂▂▂▂▂▂▃▃▃▄▄▄▄▅▅▅▅▅▅▆▆▆▇▇▇███  8T to 9.2T over 29d18h                                                  │  
  │          growing about 41G a day; full in about 19 days                                                          │  
  │                                                                                                                  │  
  │ Backend output                                                                                                   │  
  │ Disk quotas for usr you (demo):                                                                                  │  
  │   Filesystem  used   quota  limit   files   quota    limit                                                       │  
  │   /scratch/you  9420G  10240G  11264G  3100000  5000000  6000000                                                 │  
  │                                                                                                                  │  
  │ [ Analyse your usage (a) ]                                                                                       │  
  │                                                                                                                  │  
  │                                                                                                                  │  
  │                                                                                                                  │  
  │                                                                                                                  │  
  │                                                                                                                  │  
  │                                                                                                                  │  
  ╰──────────────────────────────────────────────────────────────────────────────────────────────────────────────────╯  
────────────────────────────────────────────────────────────────────────────────────────────────────────────────────────
  esc close · a analyse yours · , settings · ? help                                                     updated 0s ago  