  sdash │ 1 Overview !  2 Jobs  3 Queue  4 Nodes  5 Usage  6 Storage                               tundra · you · demo  
────────────────────────────────────────━━━━━━━━━───────────────────────────────────────────────────────────────────────
                                                                                                                        
  2 nodes · 68/128 CPUs free · 0/8 GPUs free · filter: part:gpu                                                         
  ! reservation maint · starts in 2d03h · all nodes · 6h                                                                
    NODE ▲     STATE  CPU FREE   MEM FREE  GPU FREE  GPU TYPE  JOBS                                                     
  ────────────────────────────────────────────────────────────────────────────────────────────────────────────────────  
  ▶ ▾ gpu (2)  up       68/128    592G/1T       0/8  H100      5 pending · limit 2d                                     
      gpu01    alloc     36/64  336G/512G       0/4  H100      you 2 · alice 1                                          
      gpu02    alloc     32/64  256G/512G       0/4  H100      bob 1                                                    
                                                                                                                        
                                                                                                                        
                                                                                                                        
                                                                                                                        
                                                                                                                        
                                                                                                                        
                                                                                                                        
                                                                                                                        
                                                                                                                        
                                                                                                                        
                                                                                                                        
                                                                                                                        
                                                                                                                        
                                                                                                                        
                                                                                                                        
                                                                                                                        
                                                                                                                        
                                                                                                                        
                                                                                                                        
                                                                                                                        
                                                                                                                        
                                                                                                                        
                                                                                                                        
                                                                                                                        
────────────────────────────────────────────────────────────────────────────────────────────────────────────────────────
  enter details · / filter · G all/gpu/cpu · , settings · ? help                                        updated 0s ago  