  sdash │ 1 Overview !  2 Jobs  3 Queue  4 Nodes  5 Usage  6 Storage                               tundra · you · demo  
────────────────────────────────────────━━━━━━━━━───────────────────────────────────────────────────────────────────────
                                                                                                                        
  1 node · 0/128 CPUs free · filter: state:drain                                                                        
  ! reservation maint · starts in 2d03h · all nodes · 6h                                                                
    NODE ▲      STATE    CPU FREE  MEM FREE  GPU FREE  JOBS                                                             
  ────────────────────────────────────────────────────────────────────────────────────────────────────────────────────  
  ▶ ▾ cpu* (1)  up          0/128   0M/256G            limit 7d                                                         
      cpu04     drained     0/128    0/256G            "bad DIMM"                                                       
                                                                                                                        
                                                                                                                        
                                                                                                                        
                                                                                                                        
                                                                                                                        
                                                                                                                        
                                                                                                                        
                                                                                                                        
                                                                                                                        
                                                                                                                        
                                                                                                                        
                                                                                                                        
                                                                                                                        
                                                                                                                        
                                                                                                                        
                                                                                                                        
                                                                                                                        
                                                                                                                        
                                                                                                                        
                                                                                                                        
                                                                                                                        
                                                                                                                        
                                                                                                                        
                                                                                                                        
                                                                                                                        
────────────────────────────────────────────────────────────────────────────────────────────────────────────────────────
  enter details · / filter · G all/gpu/cpu · , settings · ? help                                        updated 0s ago  