  sdash │ 1 Overview !  2 Jobs  3 Queue  4 Nodes  5 Usage  6 Storage                               tundra · you · demo  
─────────━━━━━━━━━━━━━━─────────────────────────────────────────────────────────────────────────────────────────────────
                                                                                                                        
  Needs attention                                                                                             6 in all  
  ──────────╭──────────────────────────────────────────────────────────────────────────────────────────────╮──────────  
    ✗ 809 pr│  Keys                                                                                        │  [open]    
    ✗ 799 tr│                                                                                              │  [open]    
    ! Scratc│  Global                        Tables                        Details                         │  [open]    
    ! 813 ev│  1-6          go to a tab      up/k         up               alt+up       scroll details up  │  [open]    
            │  tab          next section     down/j       down             alt+down     scroll details do  │            
  Cluster   │  :            command          pgup pgdn    page             esc          back               │    0s ago  
  ──────────│  r            refresh          home end     top / bottom                                     │──────────  
    Partitio│  R            refresh all      enter        details                                          │            
    gpu     │  p            pause            space        select                                           │            
    cpu*    │  ,            settings         ctrl+a       select all                                       │            
            │  ?            help             s S          sort / reverse                                   │            
  Your jobs │  esc          back             / f          filter                                           │iled today  
    ID      │  q/ctrl+c     quit             m            actions                                          │            
  ──────────│  ctrl+d       debug            y            copy id                                          │──────────  
  ▶ 812     │                                ← →          fold / unfold                                    │            
    813     │                                                                                              │            
    816     │  Jobs                          Queue                         Overview                        │            
    815_[3-9│  a            everyone's jobs  e            start estimate   enter        details            │            
    818     │  c            cancel           v            what to show     x            dismiss            │            
            │  h            hold             g            group                                            │            
  Storage   │  u            release          enter        details                                          │    0s ago  
  ──────────│  Q            requeue                                                                        │──────────  
    Home    │  l            logs                                                                           │            
    Scratch │  e            stderr                                                                         │            
    Project │  o            pager                                                                          │            
    Fairshar│  t            shell                                                                          │            
            │  → lines 1-24 of 52 (j/k, pgup/pgdn scroll)                                                  │            
            ╰──────────────────────────────────────────────────────────────────────────────────────────────╯            
                                                                                                                        
────────────────────────────────────────────────────────────────────────────────────────────────────────────────────────
  enter open · tab next section · , settings · ? help                                                                   