  sdash │ 1 Overview !  2 Jobs  3 Queue  4 Nodes  5 Usage  6 Storage                               tundra · you · demo  
─────────━━━━━━━━━━━━━━─────────────────────────────────────────────────────────────────────────────────────────────────
                                                                                                                        
  Needs attention                                                                                             6 in all  
  ────────────────────────────────────────────────────────────────────────────────────────────────────────────────────  
    ✗ 809 preproc: OUT_OF_MEMORY (peak 31.8G of 32G)                                                          [open]    
    ✗ 799 train-lora: TIMEOUT                                                                                 [open]    
    ! Scratch is at 91% of its space quota                                                                    [open]    
    ! 813 eval-bench has 8m left: checkpoint or save now                                                      [open]    
                                                                                                                        
  Cluster                                                                                                       0s ago  
  ────────────────────────────────────────────────────────────────────────────────────────────────────────────────────  
    Partition      Used        Free Total                                                                               
    gpu        GPU [████╭──────────────────────────────────────────────────────────────────────╮                        
    cpu*       CPU [████│  Cancel 1 job?                                                       │                        
                        │                                                                      │                        
  Your jobs             │  815_[3-9] sweep          ◌ PD 00:00                                 │ding  ✗ 2 failed today  
    ID         NAME     │                                                                      │                        
  ──────────────────────│  Will run:                                                           │──────────────────────  
  ▶ 812        train-lor│    scancel 815_[3-9]                                                 │                        
    813        eval-benc│                                                                      │                        
    816        preproc  │                                      [ Cancel (y) ]  [ Keep (esc) ]  │                        
    815_[3-9]  sweep    ╰──────────────────────────────────────────────────────────────────────╯                        
    818        big-sweep   ‖ HELD  -/12h          4 GPU 32 CPU  JobHeldUser                                             
                                                                                                                        
  Storage                                                                                                       0s ago  
  ────────────────────────────────────────────────────────────────────────────────────────────────────────────────────  
    Home       ████████████░░░░░░░░  31G used / 50G quota                                                               
    Scratch    ██████████████████░░  9.2T used / 10T quota                                                              
    Project    █████░░░░░░░░░░░░░░░  1.2T used / 5T quota                                                               
    Fairshare  ████████████░░░░░░░░  0.62                                                                               
                                                                                                                        
                                                                                                                        
                                                                                                                        
────────────────────────────────────────────────────────────────────────────────────────────────────────────────────────
  esc back                                                                                                              