  sdash │ 1 Overview !  2 Jobs  3 Queue  4 Nodes  5 Usage  6 Storage                               tundra · you · demo  
───────────────────────━━━━━━━━─────────────────────────────────────────────────────────────────────────────────────────
                                                                                                                        
  11 jobs · 3 running · 8 pending · filter: state:PD                                                                    
    ID         NAME       STATE   TIME       RESOURCES     WHERE                                                        
  ────────────────────────────────────────────────────────────────────────────────────────────────────────────────────  
  ▶ 815_[3-9]  sweep      ◌ PD    -/4h       1 GPU 8 CPU   #2/5 Resources                                               
    818        big-sweep  ‖ HELD  -/12h      4 GPU 32 CPU  JobHeldUser                                                  
                                                                                                                        
                                                                                                                        
                                                                                                                        
                                                                                                                        
                                                                                                                        
                                                                                                                        
                                                                                                                        
                                                                                                                        
                                                                                                                        
                                                                                                                        
                                                                                                                        
                                                                                                                        
                                                                                                                        
                                                                                                                        
                                                                                                                        
                                                                                                                        
                                                                                                                        
                                                                                                                        
                                                                                                                        
                                                                                                                        
                                                                                                                        
                                                                                                                        
                                                                                                                        
                                                                                                                        
                                                                                                                        
                                                                                                                        
────────────────────────────────────────────────────────────────────────────────────────────────────────────────────────
  enter details · w why · c cancel · , settings · ? help                                                updated 0s ago  