  sdash │ 1 Overview !  2 Jobs  3 Queue  4 Nodes  5 Usage  6 Storage                               tundra · you · demo  
─────────━━━━━━━━━━━━━━─────────────────────────────────────────────────────────────────────────────────────────────────
                                                                                                                        
  Needs attention                                                                                             6 in all  
  ────────────────────────────────────────────────────────────────────────────────────────────────────────────────────  
    ✗ 809 preproc: OUT_OF_MEMORY (peak 31.8G of 32G)                                                          [open]    
    ✗ 799 train-lora: TIMEOUT                                                                                 [open]    
    ! Scratch is at 91% of its space quota                                                                    [open]    
    ! 813 eval-bench has 8m left: checkpoint or save now                                                      [open]    
                                                                                                                        
  Cluster                                                                                                 free / total  
  ────────────────────────────────────────────────────────────────────────────────────────────────────────────────────  
    gpu   ██░░░ 68/128 CPUs   GPUs 0/8 H100  5 waiting                                                                  
    cpu*  ████░ 144/512 ╭──────────────────────────────────────────────────────────────────────╮                        
                        │  Cancel 1 job?                                                       │                        
  Your jobs             │                                                                      │ding  ✗ 2 failed today  
    ID         NAME     │  815_[3-9] sweep          ◌ PD 00:00                                 │                        
  ──────────────────────│                                                                      │──────────────────────  
  ▶ 812        train-lor│  Will run:                                                           │                        
    813        eval-benc│    scancel 815_[3-9]                                                 │                        
    816        preproc  │                                                                      │                        
    815_[3-9]  sweep    │                                      [ Cancel (y) ]  [ Keep (esc) ]  │                        
    818        big-sweep╰──────────────────────────────────────────────────────────────────────╯                        
                                                                                                                        
  Storage · fairshare                                                                                                   
  ────────────────────────────────────────────────────────────────────────────────────────────────────────────────────  
    Home       ████████████░░░░░░░░  31G/50G                                                                            
    Scratch    ██████████████████░░  9.2T/10T                                                                           
    Project    █████░░░░░░░░░░░░░░░  1.2T/5T                                                                            
    Fairshare  ████████████░░░░░░░░  0.62  usage 18% of 25% share                                                       
                                                                                                                        
                                                                                                                        
                                                                                                                        
                                                                                                                        
────────────────────────────────────────────────────────────────────────────────────────────────────────────────────────
  esc back                                                                                                              