  sdash │ 1 Overview !  2 Jobs  3 Queue  4 Nodes  5 Usage  6 Storage                               tundra · you · demo  
───────────────────────━━━━━━━━─────────────────────────────────────────────────────────────────────────────────────────
                                                                                                                        
  11 jobs · 3 running · 8 pending                                                                                       
    ID         NAME        STATE   ELAPSED/LIMIT  RESOURCES     WHERE                                                   
  ────────────────────────────────────────────────────────────────────────────────────────────────────────────────────  
  ▶ 812        train-lora  ● RUN   5h46m/1d       1 GPU 8 CPU   gpu01                                                   
    813        eval-bench  ● RUN   1h52m/2h       1 GPU 4 CPU   gpu01                                                   
    816        preproc     ● RUN   30s/1h         16 CPU        cpu01                                                   
    815_[3-9]  sweep       ◌ PD    -/4h           1 GPU 8 CPU   #2/5 Resources                                          
    818        big-sweep   ‖ HELD  -/12h          4 GPU 32 CPU  JobHeldUser                                             
                                                                                                                        
               ╭────────────────────────────────────────────────────────────────────────────────────────╮               
               │  GPU use of 812 train-lora                                                             │               
               │                                                                                        │               
               │  GPU 0  NVIDIA H100 80GB HBM3                                                          │               
               │    util █████████░ 89%   mem █████████░ 69.5G of 79.6G                                 │               
               │                                                                                        │               
               │  Sampled once with: srun --jobid=812 --overlap -N1 -n1 nvidia-smi --query-             │               
               │  gpu=index,name,utilization.gpu,memory.used,memory.total --                            │               
               │  format=csv,noheader,nounits                                                           │               
               │                                                                                        │               
               │  esc closes                                                                            │               
               ╰────────────────────────────────────────────────────────────────────────────────────────╯               
                                                                                                                        
                                                                                                                        
                                                                                                                        
                                                                                                                        
                                                                                                                        
                                                                                                                        
                                                                                                                        
                                                                                                                        
                                                                                                                        
                                                                                                                        
────────────────────────────────────────────────────────────────────────────────────────────────────────────────────────
  enter details · c cancel · l logs · , settings · ? help                                               updated 0s ago  