  sdash │ 1 Overview !  2 Jobs  3 Queue  4 Nodes  5 Usage  6 Storage                               tundra · you · demo  
──────────────────────────────────────────────────────────━━━━━━━━━━━───────────────────────────────────────────────────
                                                                                                                        
  3 locations · checked 14:00                                                                                           
    LOCATION  SCOPE   SPACE USED          FILES     CHECK / TREND         PATH                                          
  ────────────────────────────────────────────────────────────────────────────────────────────────────────────────────  
  ▶ Home      Yours   █████░░░ 31G/50G    212k/1M   ▁▁▂▃▄▅▅▆▇█ full ~6mo  /home/you                                     
    Scratch   Yours   ███████░ 9.2T/10T   3.1M/5M   ▁▂▂▃▄▅▅▆▇█ full ~19d  /scratch/you                                  
    Project   Yours   ██░░░░░░ 1.2T/5T    900k/10M  ▁▁▂▃▄▅▅▆▇█            /project/ml-lab                               
    Home      Shared  Unavailable  stale            collecting            /home/you                                     
    Scratch   Shared  Unavailable  stale            collecting            /scratch/you                                  
    Project   Shared  Unavailable  stale            collecting            /project/ml-lab                               
                                                                                                                        
  ╭─ Home / Yours [esc] ─────────────────────────────────────────────────────────────────────────────────────────────╮  
  │ Path     /home/you                                                                                               │  
  │ Scope    Your quota                                                                                              │  
  │ Backend  quota  (nfs)                                                                                            │  
  │ Trend    ▁▁▂▂▂▂▂▂▂▃▃▃▄▄▄▅▅▅▅▅▅▆▆▆▇▇▇███  28G to 31.1G over 29d18h                                                │  
  │          growing about 102M a day; full in about 6 months                                                        │  
  │                                                                                                                  │  
  │ Largest directories (31G total, analysed 0s ago)                                                                 │  
  │ runs          10.5G ███░░░░░░░                                                                                   │  
  │ data           8.4G ███░░░░░░░                                                                                   │  
  │ checkpoints    5.6G ██░░░░░░░░                                                                                   │  
  │ envs           2.8G █░░░░░░░░░                                                                                   │  
  │ code           1.5G █░░░░░░░░░                                                                                   │  
  │ .cache         1.2G █░░░░░░░░░                                                                                   │  
  │ logs           952M █░░░░░░░░░                                                                                   │  
  │                                                                                                                  │  
  │ Backend output                                                                                                   │  
  │ Disk quotas for usr you (demo):                                                                                  │  
  │   Filesystem  used   quota  limit   files   quota    limit                                                       │  
  │ 1-18/21  alt+up/down scroll                                                                                      │  
  ╰──────────────────────────────────────────────────────────────────────────────────────────────────────────────────╯  
────────────────────────────────────────────────────────────────────────────────────────────────────────────────────────
  ✓ Analysed /home/you                                                                                  updated 0s ago  