 sdash │ ‹ 6/6 Storage ›                tundra · you · demo 
───────────━━━━━━━━━━━──────────────────────────────────────
 3 locations · checked 14:00                                
   LOCATION  SPACE              30 DAYS                     
 ────────────────────────────────────────────────────────── 
 ▶ Home      █████░░░ 31G/50G   ▁▁▂▃▄▅▅▆▇█ full ~6mo        
   Scratch   ███████░ 9.2T/10T  ▁▂▂▃▄▅▅▆▇█ full ~19d        
   Project   ██░░░░░░ 1.2T/5T   ▁▁▂▃▄▅▅▆▇█                  
                                                            
                                                            
                                                            
                                                            
                                                            
                                                            
                                                            
                                                            
                                                            
                                                            
────────────────────────────────────────────────────────────
 enter raw output · , settings · ? help      updated 0s ago 