 sdash │ ‹ 6/6 Storage ›                tundra · you · demo 
───────────━━━━━━━━━━━──────────────────────────────────────
 3 locations · checked 14:00                                
   LOCATION  SCOPE   SPACE USED                             
 ────────────────────────────────────────────────────────── 
 ▶ Home      Yours   █████░░░ 31G/50G                       
   Scratch   Yours   ███████░ 9.2T/10T                      
   Project   Yours   ██░░░░░░ 1.2T/5T                       
   Home      Shared  Unavailable  stale                     
   Scratch   Shared  Unavailable  stale                     
   Project   Shared  Unavailable  stale                     
                                                            
                                                            
                                                            
                                                            
                                                            
                                                            
                                                            
────────────────────────────────────────────────────────────
 enter details · , settings · ? help         updated 0s ago 