  sdash │ 1 Overview !  2 Jobs  3 Queue  4 Nodes  5 Usage  6 Storage      demo  
──────────────────────────────────────────────────────────━━━━━━━━━━━───────────
  1 location · checked 14:00                                                    
    LOCATION  SCOPE   SPACE USED                FILES    CHECK / TREND  PATH    
  ────────────────────────────────────────────────────────────────────────────  
  ▶ Home      Yours   Analyse (a)               -                       /home…  
    Home      Shared  ██████░░ 9T/11T 2T avail  212k/1M  collecting     /home…  
                                                                                
                                                                                
                                                                                
                                                                                
                                                                                
                                                                                
                                                                                
                                                                                
                                                                                
                                                                                
                                                                                
────────────────────────────────────────────────────────────────────────────────
  enter details · R refresh storage · , settings · ? help       updated 0s ago  