 sdash │ ‹ 6/6 Storage ›                tundra · you · demo 
───────────━━━━━━━━━━━──────────────────────────────────────
 1 location · checked 14:00                                 
   LOCATION  SCOPE   SPACE USED                             
 ────────────────────────────────────────────────────────── 
 ▶ Home      Yours   Analyse (a)                            
   Home      Shared  ██████░░ 9T/11T 2T avail               
                                                            
                                                            
                                                            
                                                            
                                                            
                                                            
                                                            
                                                            
                                                            
                                                            
                                                            
────────────────────────────────────────────────────────────
 enter details · , settings · ? help         updated 0s ago 