  [1;38;2;95;215;255msdash[m[38;2;160;160;160m │[m [38;2;160;160;160m1[m [38;2;208;208;208mOverview[m [38;2;255;255;0m![m  [38;2;160;160;160m2[m [38;2;208;208;208mJobs[m  [38;2;160;160;160m3[m [38;2;208;208;208mQueue[m [1;38;2;95;215;255m 4 Nodes [m [38;2;160;160;160m5[m [38;2;208;208;208mUsage[m  [38;2;160;160;160m6[m [38;2;208;208;208mStorage[m           [1;38;2;255;255;255mtundra[m[38;2;160;160;160m · [m[38;2;208;208;208myou[m[38;2;160;160;160m · [m[38;2;255;255;0mdemo[m  
[38;2;160;160;160m────────────────────────────────────────[m[1;38;2;95;215;255m━━━━━━━━━[m[38;2;160;160;160m───────────────────────────────────────────────────[m
                                                                                                    
  [38;2;208;208;208m6 nodes · 212/640 CPUs free · 0/8 GPUs free[m                                                       
  [38;2;255;255;0m! reservation maint · starts in 2d03h · all nodes · 6h[m                                            
    [1;38;2;208;208;208mNODE ▲    [m  [1;38;2;208;208;208mSTATE  [m  [1;38;2;208;208;208mCPU FREE[m  [1;38;2;208;208;208m MEM FREE[m  [1;38;2;208;208;208mGPU FREE[m  [1;38;2;208;208;208mGPU TYPE[m  [1;38;2;208;208;208mJOBS                            [m  
  [38;2;160;160;160m────────────────────────────────────────────────────────────────────────────────────────────────[m  
  [1;38;2;95;215;255m▶[m [1;38;2;0;0;0;48;2;255;255;0m▾ gpu (2)   up         68/128    592G/1T       0/8  H100      5 pending · limit 2d            [m  
      gpu01     alloc       36/64  336G/512G       0/4  H100      [1;38;2;95;215;255myou 2[m[38;2;160;160;160m · [malice 1                   
      gpu02     alloc       32/64  256G/512G       0/4  H100      bob 1                             
                                                                                                    
    [1;38;2;255;255;255m▾ cpu*[m[38;2;160;160;160m (4)[m  [38;2;208;208;208mup[m        [1;38;2;255;255;255m144/512[m    [1;38;2;255;255;255m356G/1T[m            [1;38;2;255;255;255m[m          [38;2;208;208;208mlimit 7d[m                          
      cpu01     mixed      16/128   44G/256G                      [1;38;2;95;215;255myou 1[m[38;2;160;160;160m · [mcarol 1                   
      cpu02     mixed      64/128  156G/256G                      carol 1                           
      cpu03     mixed      64/128  156G/256G                      carol 1                           
    [38;2;208;208;208m  cpu04[m     [38;2;208;208;208mdrained[m     [38;2;208;208;208m0/128[m     [38;2;208;208;208m0/256G[m          [38;2;208;208;208m[m  [38;2;208;208;208m[m          [38;2;208;208;208m"bad DIMM"[m                        
                                                                                                    
                                                                                                    
                                                                                                    
                                                                                                    
                                                                                                    
                                                                                                    
                                                                                                    
                                                                                                    
                                                                                                    
                                                                                                    
                                                                                                    
                                                                                                    
[38;2;160;160;160m────────────────────────────────────────────────────────────────────────────────────────────────────[m
  [1;38;2;95;215;255menter[m [38;2;208;208;208mdetails[m[38;2;160;160;160m · [m[1;38;2;95;215;255m/[m [38;2;208;208;208mfilter[m[38;2;160;160;160m · [m[1;38;2;95;215;255mG[m [38;2;208;208;208mall/gpu/cpu[m[38;2;160;160;160m · [m[1;38;2;95;215;255m,[m [38;2;208;208;208msettings[m[38;2;160;160;160m · [m[1;38;2;95;215;255m?[m [38;2;208;208;208mhelp[m                    [38;2;0;255;95mupdated 0s ago[m  