  [1;38;2;11;95;214msdash[m[38;2;140;149;159m │[m[1;38;2;11;95;214m 1 Overview ! [m [38;2;140;149;159m2[m [38;2;87;96;106mJobs[m  [38;2;140;149;159m3[m [38;2;87;96;106mQueue[m  [38;2;140;149;159m4[m [38;2;87;96;106mNodes[m  [38;2;140;149;159m5[m [38;2;87;96;106mUsage[m  [38;2;140;149;159m6[m [38;2;87;96;106mStorage[m           [1;38;2;31;35;40mtundra[m[38;2;140;149;159m · [m[38;2;87;96;106myou[m[38;2;140;149;159m · [m[38;2;154;103;0mdemo[m  
[38;2;140;149;159m─────────[m[1;38;2;11;95;214m━━━━━━━━━━━━━━[m[38;2;140;149;159m─────────────────────────────────────────────────────────────────────────────[m
                                                                                                    
  [1;38;2;31;35;40mNeeds attention[m                                                                         [38;2;140;149;159m6 in all[m  
  [38;2;140;149;159m────────────────────────────────────────────────────────────────────────────────────────────────[m  
    [1;38;2;207;34;46m✗[m 809 preproc: OUT_OF_MEMORY (peak 31.8G of 32G)                                      [1;38;2;11;95;214m[open][m    
    [1;38;2;207;34;46m✗[m 799 train-lora: TIMEOUT                                                             [1;38;2;11;95;214m[open][m    
    [38;2;154;103;0m![m Scratch is at 91% of its space quota                                                [1;38;2;11;95;214m[open][m    
    [38;2;154;103;0m![m 813 eval-bench has 8m left: checkpoint or save now                                  [1;38;2;11;95;214m[open][m    
                                                                                                    
  [1;38;2;31;35;40mCluster[m                                                                             [38;2;140;149;159mfree / total[m  
  [38;2;140;149;159m────────────────────────────────────────────────────────────────────────────────────────────────[m  
    [1;38;2;31;35;40mgpu[m   [38;2;26;127;55m██[m[38;2;140;149;159m░░░[m 68/128 CPUs   [38;2;87;96;106mGPUs 0/8 H100[m  [38;2;87;96;106m5 waiting[m                                              
    [1;38;2;31;35;40mcpu*[m  [38;2;154;103;0m████[m[38;2;140;149;159m░[m 144/512 CPUs                            [38;2;154;103;0mcpu04: bad DIMM[m                             
                                                                                                    
  [1;38;2;11;95;214mYour jobs[m                                             [38;2;26;127;55m● 3 running[m  [38;2;154;103;0m◌ 2 pending[m  [1;38;2;207;34;46m✗ 2 failed today[m  
    [1;38;2;87;96;106mID       [m  [1;38;2;87;96;106mNAME      [m  [1;38;2;87;96;106mSTATE [m  [1;38;2;87;96;106mTIME     [m  [1;38;2;87;96;106mRESOURCES   [m  [1;38;2;87;96;106mWHERE                                 [m  
  [38;2;140;149;159m────────────────────────────────────────────────────────────────────────────────────────────────[m  
  [1;38;2;11;95;214m▶[m [1;38;2;0;0;0;48;2;221;232;251m812        train-lora  ● RUN   5h46m/1d   1 GPU 8 CPU   gpu01                                 [m  
    813        eval-bench  [38;2;26;127;55m● RUN[m   1h52m[38;2;140;149;159m/2h[m   1 GPU 4 CPU   gpu01                                   
    816        preproc     [38;2;26;127;55m● RUN[m   30s[38;2;140;149;159m/1h[m     16 CPU        cpu01                                   
    815_[3-9]  sweep       [38;2;154;103;0m◌ PD[m    -[38;2;140;149;159m/4h[m       1 GPU 8 CPU   [38;2;87;96;106m#2/5 [mResources                          
    818        big-sweep   [38;2;110;119;129m‖ HELD[m  -[38;2;140;149;159m/12h[m      4 GPU 32 CPU  JobHeldUser                             
  [1;38;2;31;35;40mStorage · fairshare[m                                                                               
  [38;2;140;149;159m────────────────────────────────────────────────────────────────────────────────────────────────[m  
    Home       [38;2;26;127;55m████████████[m[38;2;140;149;159m░░░░░░░░[m  31G/50G                                                        
    Scratch    [38;2;154;103;0m██████████████████[m[38;2;140;149;159m░░[m  9.2T/10T                                                       
    Project    [38;2;26;127;55m█████[m[38;2;140;149;159m░░░░░░░░░░░░░░░[m  1.2T/5T                                                        
[38;2;140;149;159m────────────────────────────────────────────────────────────────────────────────────────────────────[m
  [1;38;2;11;95;214menter[m [38;2;87;96;106mopen[m[38;2;140;149;159m · [m[1;38;2;11;95;214mtab[m [38;2;87;96;106mnext section[m[38;2;140;149;159m · [m[1;38;2;11;95;214m,[m [38;2;87;96;106msettings[m[38;2;140;149;159m · [m[1;38;2;11;95;214m?[m [38;2;87;96;106mhelp[m                               [38;2;26;127;55mupdated 0s ago[m  